{
    "Align and Surject short reads (Personalized Flow)": {
        "content": [
            "HG003.cram",
            [
                "versions.yml:md5,58781d908d975f0f02077c8cd0f66c11",
                "versions.yml:md5,8d6a5fec4869b2a031158b1886fe3100",
                "versions.yml:md5,b47fc315d87eae7a3b9c94f143bf5ba1",
                "versions.yml:md5,e85ba22e3ebac6ce95c5c9a7849a1593"
            ]
        ],
        "meta": {
            "nf-test": "0.9.3",
            "nextflow": "25.12.0"
        },
        "timestamp": "2026-01-05T05:43:48.129079199"
    },
    "Align and Surject short reads (Real Data)": {
        "content": [
            "HG003.cram",
            [
                "versions.yml:md5,8d6a5fec4869b2a031158b1886fe3100"
            ]
        ],
        "meta": {
            "nf-test": "0.9.3",
            "nextflow": "25.12.0"
        },
        "timestamp": "2026-01-05T05:43:30.573234377"
    },
    "Align and Surject short reads (Stub)": {
        "content": [
            {
                "0": [
                    
                ],
                "1": [
                    
                ],
                "2": [
                    
                ],
                "3": [
                    
                ],
                "4": [
                    
                ],
                "5": [
                    
                ],
                "6": [
                    
                ],
                "7": [
                    
                ],
                "8": [
                    
                ],
                "bai": [
                    
                ],
                "bam": [
                    
                ],
                "bam_bai": [
                    
                ],
                "crai": [
                    
                ],
                "cram": [
                    
                ],
                "cram_crai": [
                    
                ],
                "gam": [
                    
                ],
                "reports": [
                    
                ],
                "versions": [
                    
                ]
            }
        ],
        "meta": {
            "nf-test": "0.9.3",
            "nextflow": "25.12.0"
        },
        "timestamp": "2026-01-04T07:15:05.011475438"
    }
}