{
    "strling_single": {
        "content": [
            {
                "0": [
                    [
                        {
                            "id": "test"
                        },
                        "test-genotype.txt:md5,a4b01cbf028ce70f3009eb5b3acdbac6"
                    ]
                ],
                "1": [
                    [
                        {
                            "id": "test"
                        },
                        "test-bounds.txt:md5,310708e8777bfde634ff0fb00b1325c4"
                    ]
                ],
                "2": [
                    "versions.yml:md5,69e270b97680d2bd71f45da9836ed52a",
                    "versions.yml:md5,8f299eb718f8608696c58706d12d184d"
                ],
                "bounds": [
                    [
                        {
                            "id": "test"
                        },
                        "test-bounds.txt:md5,310708e8777bfde634ff0fb00b1325c4"
                    ]
                ],
                "genotype": [
                    [
                        {
                            "id": "test"
                        },
                        "test-genotype.txt:md5,a4b01cbf028ce70f3009eb5b3acdbac6"
                    ]
                ],
                "versions": [
                    "versions.yml:md5,69e270b97680d2bd71f45da9836ed52a",
                    "versions.yml:md5,8f299eb718f8608696c58706d12d184d"
                ]
            }
        ],
        "meta": {
            "nf-test": "0.9.3",
            "nextflow": "25.12.0"
        },
        "timestamp": "2026-01-16T04:20:38.9379637"
    },
    "strling_joint": {
        "content": [
            {
                "0": [
                    [
                        {
                            "id": "sample1"
                        },
                        "sample1-genotype.txt:md5,a4b01cbf028ce70f3009eb5b3acdbac6"
                    ],
                    [
                        {
                            "id": "sample2"
                        },
                        "sample2-genotype.txt:md5,a4b01cbf028ce70f3009eb5b3acdbac6"
                    ]
                ],
                "1": [
                    [
                        {
                            "id": "sample1"
                        },
                        "sample1-bounds.txt:md5,6a13daa4ccbc2f850a7cf55e598029eb"
                    ],
                    [
                        {
                            "id": "sample2"
                        },
                        "sample2-bounds.txt:md5,6a13daa4ccbc2f850a7cf55e598029eb"
                    ]
                ],
                "2": [
                    "versions.yml:md5,69e270b97680d2bd71f45da9836ed52a",
                    "versions.yml:md5,69e270b97680d2bd71f45da9836ed52a",
                    "versions.yml:md5,8f299eb718f8608696c58706d12d184d",
                    "versions.yml:md5,8f299eb718f8608696c58706d12d184d",
                    "versions.yml:md5,ef88a07274ede69c0b0363fefa55535c"
                ],
                "bounds": [
                    [
                        {
                            "id": "sample1"
                        },
                        "sample1-bounds.txt:md5,6a13daa4ccbc2f850a7cf55e598029eb"
                    ],
                    [
                        {
                            "id": "sample2"
                        },
                        "sample2-bounds.txt:md5,6a13daa4ccbc2f850a7cf55e598029eb"
                    ]
                ],
                "genotype": [
                    [
                        {
                            "id": "sample1"
                        },
                        "sample1-genotype.txt:md5,a4b01cbf028ce70f3009eb5b3acdbac6"
                    ],
                    [
                        {
                            "id": "sample2"
                        },
                        "sample2-genotype.txt:md5,a4b01cbf028ce70f3009eb5b3acdbac6"
                    ]
                ],
                "versions": [
                    "versions.yml:md5,69e270b97680d2bd71f45da9836ed52a",
                    "versions.yml:md5,69e270b97680d2bd71f45da9836ed52a",
                    "versions.yml:md5,8f299eb718f8608696c58706d12d184d",
                    "versions.yml:md5,8f299eb718f8608696c58706d12d184d",
                    "versions.yml:md5,ef88a07274ede69c0b0363fefa55535c"
                ]
            }
        ],
        "meta": {
            "nf-test": "0.9.3",
            "nextflow": "25.12.0"
        },
        "timestamp": "2026-01-16T04:19:18.956939689"
    }
}