{
    "Surject GAM alignments to BAM (Stub)": {
        "content": [
            {
                "0": [
                    
                ],
                "1": [
                    
                ],
                "2": [
                    
                ],
                "3": [
                    
                ],
                "4": [
                    
                ],
                "5": [
                    
                ],
                "bai": [
                    
                ],
                "bam": [
                    
                ],
                "crai": [
                    
                ],
                "cram": [
                    
                ],
                "markdup_stats": [
                    
                ],
                "versions": [
                    
                ]
            }
        ],
        "meta": {
            "nf-test": "0.9.3",
            "nextflow": "25.12.0"
        },
        "timestamp": "2026-01-04T07:10:52.155573628"
    }
}