{
    "All tools - chr4": {
        "content": [
            [
                "versions.yml:md5,43efb663cd72fd49196bcf0477016612",
                "versions.yml:md5,51416d40c80be7917f601dd17f60af62",
                "versions.yml:md5,664b5d29c5abefa445fd62a917e3a252",
                "versions.yml:md5,ab3ef7dc4bcd432d5d886d1fc37cc627",
                "versions.yml:md5,cad4ca229781ebb4892531eaa080860c",
                "versions.yml:md5,e9b278d81ff73fda919ea1462f89ac22"
            ]
        ],
        "meta": {
            "nf-test": "0.9.3",
            "nextflow": "25.12.0"
        },
        "timestamp": "2026-01-22T23:26:39.019171235"
    }
}